HTTP/1.1 201 HTTP_Created
content server socket closed.
HTTP/1.1 200 OK
content server socket closed.
